==== create laravel project ====
cd /var/www/
sudo composer create-project laravel/laravel controlcentro.com --prefer-dist
sudo chmod -R 777 controlcentro.com
cd controlcentro.com

php artisan app:name DailyActie

    // .env
    APP_ENV=local
    APP_DEBUG=true
    APP_KEY=base64:QD6fndQc7+laDoMLT6/N0VK1BCVACq5NwzVXeyrxlyk=
    APP_URL=http://controlcentro.com

    DB_CONNECTION=mysql
    DB_HOST=127.0.0.1
    DB_PORT=3306
    DB_DATABASE=controlcentro
    DB_USERNAME=root
    DB_PASSWORD=jukmem31


==== https://laravel.com/docs/5.2/elixir ====
    // for gulp.js notification
pan4@dssfactory:/var/www/controlcentro.com$ sudo apt-get install libnotify-bin
    // check node.js
pan4@dssfactory:/var/www/controlcentro.com$ node -v
    // gulp command
pan4@dssfactory:/var/www/controlcentro.com$ sudo npm install --global gulp-cli
    // npm 
    //  "devDependencies": {
    //    "gulp": "^3.9.1",
    //    "laravel-elixir": "^5.0.0",
    //    "bootstrap-sass": "^3.0.0"
    //  }
pan4@dssfactory:/var/www/controlcentro.com$ sudo npm install

    // for Browserify.js
pan4@dssfactory:/var/www/controlcentro.com$ sudo npm install babel-preset-es2015 --save-dev
pan4@dssfactory:/var/www/controlcentro.com$ sudo npm install babel-preset-react --save-dev

    // for bootstrap 3.3.6
pan4@dssfactory:/var/www/controlcentro.com$ sudo npm install jquery@1.11.3 --save-dev
pan4@dssfactory:/var/www/controlcentro.com$ sudo npm isntall font-awesome --save-dev

    // uncomment ./resources/assets/sass/app.scss => bootstrap.sass
    @import url(https://fonts.googleapis.com/css?family=Lato);
    $font-family-sans-serif: 'Lato', sans-serif;
    @import "node_modules/font-awesome/scss/font-awesome";
    @import "node_modules/bootstrap-sass/assets/stylesheets/bootstrap";
    
    // create app.css
pan4@dssfactory:/var/www/controlcentro.com$ mkdir ./resources/assets/css
pan4@dssfactory:/var/www/controlcentro.com$ vim ./resources/assets/css/app.css

    // create app.js
pan4@dssfactory:/var/www/controlcentro.com$ mkdir ./resources/assets/js
pan4@dssfactory:/var/www/controlcentro.com$ vim ./resources/assets/js/app.js
    window.$ = window.jQuery = require('jquery')
    require('bootstrap-sass');
    $( document ).ready(function() {
        console.log('document ready bootstrap: '+$.fn.tooltip.Constructor.VERSION);
    });

    // gulpfile.js
    //elixir.config.sourcemaps = false;
    var elixir = require('laravel-elixir');
    /*
     |--------------------------------------------------------------------------
     | Elixir Asset Management
     |--------------------------------------------------------------------------
     |
     | Elixir provides a clean, fluent API for defining some basic Gulp tasks
     | for your Laravel application. By default, we are compiling the Sass
     | file for our application, as well as publishing vendor resources.
     |
     */
    elixir(function(mix) {
        var appPaths = {
            'app_sass'  : 'resources/assets/sass',
            'app_less'  : 'resources/assets/less',
            'app_js'    : 'resources/assets/js',
            'styles'    : 'resources/assets/css',
            'scripts'   : 'resources/assets/js',
            'mermaid'   : 'node_modules/mermaid/dist',
            'openlayer' : 'node_modules/openlayers/dist',
        };

        mix.copy('node_modules/font-awesome/fonts','public/fonts');

        // css is compiled into public/css
        mix.sass([
            appPaths.app_sass+'/app.scss',
        ], 'public/css/app.min.css');

        // js is compiled into public/js
        mix.browserify([
            appPaths.app_js+'/app.js',
        ], 'public/js/app.min.js');

        // css is copyed into public/assets/css
        mix.styles([
            appPaths.styles+'/controlcentro.css',
    //        appPaths.mermaid+'/mermaid.css',
    //        appPaths.openlayer+'/ol.css',
        ], 'public/assets/css/controlcentro.min.css'); // ,'\./'

        // js is copyed into public/assets/js
        mix.scripts([
            appPaths.scripts+'/controlcentro.js'
        ], 'public/assets/js/controlcentro.min.js'); // ,'\./'
    });
    
    // Run all tasks...
pan4@dssfactory:/var/www/controlcentro.com$ gulp
    // Run all tasks and minify all CSS and JavaScript...
pan4@dssfactory:/var/www/controlcentro.com$ gulp --production


=== ratchet WampServer ===
    // Install ZeroMQ
    // https://eole-io.github.io/sandstone/install-zmq-php-linux.html
pan4@dssfactory:~/php-ext$ sudo apt-get install build-essential libtool autoconf uuid-dev pkg-config git libsodium
// pan4@dssfactory:~/php-ext$ wget https://archive.org/download/zeromq_4.1.4/zeromq-4.1.4.tar.gz
// pan4@dssfactory:~/php-ext$ tar -xvzf zeromq-4.1.4.tar.gz
// pan4@dssfactory:~/php-ext$ cd zeromq-4.1.4
// pan4@dssfactory:~/php-ext/zeromq-4.1.4$ ./configure

    // https://gist.github.com/cdjhlee/b8e3c927a01b0948b42d
pan4@dssfactory:~/php-ext$ sudo apt-get install -y libtool pkg-config build-essential autoconf automake uuid-dev
pan4@dssfactory:~/php-ext$ wget http://download.zeromq.org/zeromq-4.0.5.tar.gz
pan4@dssfactory:~/php-ext$ tar xvzf zeromq-4.0.5.tar.gz
pan4@dssfactory:~/php-ext$ cd zeromq-4.0.5
pan4@dssfactory:~/php-ext/zeromq-4.0.5$ sudo make install
pan4@dssfactory:~/php-ext/zeromq-4.0.5$ sudo ldconfig
pan4@dssfactory:~/php-ext/zeromq-4.0.5$ ldconfig -p | grep zmq

    // Installing the PHP binding
pan4@dssfactory:~/php-ext$ git clone git://github.com/mkoppanen/php-zmq.git
pan4@dssfactory:~/php-ext$ cd php-zmq
pan4@dssfactory:~/php-ext/php-zmq$ phpize && ./configure
pan4@dssfactory:~/php-ext/php-zmq$ make
pan4@dssfactory:~/php-ext/php-zmq$ sudo make install
// Installing shared extensions:     /usr/lib/php5/20121212+lfs/
pan4@dssfactory:~/php-ext/php-zmq$ sudo vim /etc/php5/apache2/php.ini 
// extension=zmq.so
pan4@dssfactory:~/php-ext/php-zmq$ sudo vim /etc/php5/cli/php.ini 
// extension=zmq.so
pan4@dssfactory:~/php-ext/php-zmq$ sudo service apache2 restart

    // Installing laravel-ratchet
pan4@dssfactory:/var/www/controlcentro.com$ composer require askedio/laravel-ratchet




pan4@dssfactory:/var/www/controlcentro.com$ php artisan make:model Roles -m

php artisan make:controller ProductsController --resource

php artisan make:model Products -m
php artisan make:seeder ProductsTableSeeder

php artisan make:model ProductTranslations -m
php artisan make:seeder ProductTranslationsTableSeeder

php artisan make:model Deals -m
php artisan make:seeder DealsTableSeeder
php artisan make:migration create_deals_products_table --create=deals_products
php artisan make:seeder DealsProductsTableSeeder

vim /var/www/controlcentro.com/resources/views/tests/chat.blade.php 
:wq

php artisan migrate --seed
Test:  php artisan migrate:refresh --seed
Final: php artisan migrate:refresh
php artisan migrate:rollback

[2015-06-13 14:34:05] production.ERROR: exception 'Symfony\Component\Debug\Exception\FatalErrorException' with message 'Class '' not found' in D:\home\site\vendor\laravel\framework\src\Illuminate\Database\Migrations\Migrator.php:328
composer dump-autoload
php artisan optimize


php artisan currency:update
php artisan currency:update --openexchangerates

npm uninstall sax --save
npm uninstall sax --save-dev



